// Jest Snapshot v1, https://goo.gl/fbAQLP

exports[`Button component Matches the snapshot 1`] = `
<td>
  <button
    className="calcButton btn btn-primary"
    disabled={false}
    onClick={[Function]}
    type="button"
  />
</td>
`;
